client/src/pages/Atendimento.tsx(1909,6): error TS17008: JSX element 'div' has no corresponding closing tag.
client/src/pages/Atendimento.tsx(2528,21): error TS1003: Identifier expected.
client/src/pages/Atendimento.tsx(2529,16): error TS1381: Unexpected token. Did you mean `{'}'}` or `&rbrace;`?
client/src/pages/Atendimento.tsx(2530,19): error TS17015: Expected corresponding closing tag for JSX fragment.
client/src/pages/Atendimento.tsx(2530,22): error TS1382: Unexpected token. Did you mean `{'>'}` or `&gt;`?
client/src/pages/Atendimento.tsx(2872,15): error TS1003: Identifier expected.
client/src/pages/Atendimento.tsx(2873,10): error TS1381: Unexpected token. Did you mean `{'}'}` or `&rbrace;`?
client/src/pages/Atendimento.tsx(2874,13): error TS17015: Expected corresponding closing tag for JSX fragment.
client/src/pages/Atendimento.tsx(2874,17): error TS1382: Unexpected token. Did you mean `{'>'}` or `&gt;`?
client/src/pages/Atendimento.tsx(2956,1): error TS1381: Unexpected token. Did you mean `{'}'}` or `&rbrace;`?
client/src/pages/Atendimento.tsx(2959,1): error TS1005: '</' expected.
